// Jest Snapshot v1, https://goo.gl/fbAQLP

exports[`<LaunchCard /> should render as expected 1`] = `
<View
  accessibilityHint="See launch details"
  accessibilityLabel="Launch card"
  accessible={true}
  focusable={true}
  onClick={[Function]}
  onResponderGrant={[Function]}
  onResponderMove={[Function]}
  onResponderRelease={[Function]}
  onResponderTerminate={[Function]}
  onResponderTerminationRequest={[Function]}
  onStartShouldSetResponder={[Function]}
  style={
    Object {
      "backgroundColor": "#FAFAFA",
      "borderRadius": 4,
      "marginHorizontal": 16,
      "marginVertical": 8,
      "opacity": 1,
    }
  }
>
  <View
    style={
      Array [
        Object {
          "overflow": "hidden",
        },
        Object {
          "aspectRatio": 1.7777777777777777,
          "borderTopLeftRadius": 4,
          "borderTopRightRadius": 4,
          "width": "100%",
        },
      ]
    }
  >
    <FastImageView
      accessibilityLabel="Launch image"
      resizeMode="cover"
      source={
        Object {
          "uri": "http://placeimg.com/640/480",
        }
      }
      style={
        Object {
          "bottom": 0,
          "left": 0,
          "position": "absolute",
          "right": 0,
          "top": 0,
        }
      }
    />
  </View>
  <Text
    accessibilityLabel="Launch name"
    style={
      Object {
        "color": "#212121",
        "fontSize": 24,
        "margin": 16,
        "marginBottom": 4,
      }
    }
  >
    mission name
  </Text>
  <Text
    accessibilityLabel="Launch date"
    style={
      Object {
        "color": "#9E9E9E",
        "marginHorizontal": 16,
      }
    }
  >
    01/01/1998 00:00am
  </Text>
  <Text
    style={
      Object {
        "color": "#FF77A9",
        "fontWeight": "bold",
        "margin": 16,
        "textTransform": "uppercase",
      }
    }
  >
    See more
  </Text>
</View>
`;
