// Jest Snapshot v1, https://goo.gl/fbAQLP

exports[`<Button /> should render as expected 1`] = `
<View
  accessibilityRole="button"
  accessible={true}
  focusable={true}
  onClick={[Function]}
  onResponderGrant={[Function]}
  onResponderMove={[Function]}
  onResponderRelease={[Function]}
  onResponderTerminate={[Function]}
  onResponderTerminationRequest={[Function]}
  onStartShouldSetResponder={[Function]}
  style={
    Object {
      "borderColor": "#EC407A",
      "borderRadius": 4,
      "borderWidth": 1,
      "opacity": 1,
      "paddingHorizontal": 16,
      "paddingVertical": 8,
    }
  }
>
  <Text
    style={
      Object {
        "color": "#EC407A",
        "fontWeight": "bold",
        "textAlign": "center",
        "textTransform": "uppercase",
      }
    }
  >
    Test button
  </Text>
</View>
`;
