// Jest Snapshot v1, https://goo.gl/fbAQLP

exports[`<LaunchImage /> should render as expected 1`] = `
<View
  accessibilityLabel="Toggle favorite"
  accessible={true}
  focusable={true}
  onClick={[Function]}
  onResponderGrant={[Function]}
  onResponderMove={[Function]}
  onResponderRelease={[Function]}
  onResponderTerminate={[Function]}
  onResponderTerminationRequest={[Function]}
  onStartShouldSetResponder={[Function]}
  style={
    Object {
      "opacity": 1,
    }
  }
>
  <View
    style={
      Array [
        Object {
          "overflow": "hidden",
        },
        Object {
          "height": 100,
          "width": 200,
        },
      ]
    }
  >
    <FastImageView
      accessibilityRole="image"
      resizeMode="cover"
      source={
        Object {
          "uri": "http://placeimg.com/640/480",
        }
      }
      style={
        Object {
          "bottom": 0,
          "left": 0,
          "position": "absolute",
          "right": 0,
          "top": 0,
        }
      }
    />
  </View>
</View>
`;
